[   46180ms] [WARNING] [Vue warn]: Component "SearchPageButton" has already been registered in target app. @ http://localhost:8081/blogs/.vuepress/.cache/deps/chunk-T534BEHM.js?v=8eb9798d:2194
[   46222ms] [ERROR] Failed to load resource: the server responded with a status of 404 (Not Found) @ http://localhost:8081/favicon.ico:0
[  114009ms] [WARNING] [Vue warn]: Component "SearchPageButton" has already been registered in target app. @ http://localhost:8081/blogs/.vuepress/.cache/deps/chunk-T534BEHM.js?v=8eb9798d:2194
[  114238ms] [WARNING] <meta name="apple-mobile-web-app-capable" content="yes"> is deprecated. Please include <meta name="mobile-web-app-capable" content="yes"> @ http://localhost:8081/blogs/posts/cmc-knowledge/03-upstream-culture-scale-up-03-01.html:0
[  138506ms] [WARNING] [Vue warn]: Component "SearchPageButton" has already been registered in target app. @ http://localhost:8081/blogs/.vuepress/.cache/deps/chunk-T534BEHM.js?v=8eb9798d:2194
[  145050ms] [WARNING] [Vue warn]: Component "SearchPageButton" has already been registered in target app. @ http://localhost:8081/blogs/.vuepress/.cache/deps/chunk-T534BEHM.js?v=8eb9798d:2194
[  145248ms] [WARNING] <meta name="apple-mobile-web-app-capable" content="yes"> is deprecated. Please include <meta name="mobile-web-app-capable" content="yes"> @ http://localhost:8081/blogs/posts/cmc-knowledge/03-upstream-culture-scale-up-03-01.html#%E7%94%9F%E7%89%A9%E5%8F%8D%E5%BA%94%E5%99%A8%E5%B7%A5%E8%89%BA%E6%94%BE%E5%A4%A7%E6%A6%82%E8%BF%B0-%E4%BB%8E%E5%B0%8F%E8%A7%84%E6%A8%A1%E5%88%B0%E5%95%86%E4%B8%9A%E5%8C%96%E7%9A%84%E6%94%BE%E5%A4%A7%E8%B7%AF%E5%BE%84%E4%B8%8E%E7%B3%BB%E7%BB%9F%E9%80%89%E5%9E%8B:0
[  152790ms] [WARNING] [Vue warn]: Component "SearchPageButton" has already been registered in target app. @ http://localhost:8081/blogs/.vuepress/.cache/deps/chunk-T534BEHM.js?v=8eb9798d:2194
[  152914ms] [WARNING] <meta name="apple-mobile-web-app-capable" content="yes"> is deprecated. Please include <meta name="mobile-web-app-capable" content="yes"> @ http://localhost:8081/blogs/posts/cmc-knowledge/03-upstream-culture-scale-up-03-01.html:0
[  170556ms] [WARNING] [Vue warn]: Component "SearchPageButton" has already been registered in target app. @ http://localhost:8081/blogs/.vuepress/.cache/deps/chunk-T534BEHM.js?v=8eb9798d:2194
[  170657ms] [WARNING] <meta name="apple-mobile-web-app-capable" content="yes"> is deprecated. Please include <meta name="mobile-web-app-capable" content="yes"> @ http://localhost:8081/blogs/posts/cmc-knowledge/03-upstream-culture-scale-up-03-01.html:0
[  252173ms] [WARNING] [Vue warn]: Component "SearchPageButton" has already been registered in target app. @ http://localhost:8081/blogs/.vuepress/.cache/deps/chunk-T534BEHM.js?v=8eb9798d:2194
[  252458ms] [WARNING] <meta name="apple-mobile-web-app-capable" content="yes"> is deprecated. Please include <meta name="mobile-web-app-capable" content="yes"> @ http://localhost:8081/blogs/posts/cmc-knowledge/03-upstream-culture-scale-up-03-02.html:0
[  265170ms] [WARNING] [Vue warn]: Component "SearchPageButton" has already been registered in target app. @ http://localhost:8081/blogs/.vuepress/.cache/deps/chunk-T534BEHM.js?v=8eb9798d:2194
[  265391ms] [WARNING] <meta name="apple-mobile-web-app-capable" content="yes"> is deprecated. Please include <meta name="mobile-web-app-capable" content="yes"> @ http://localhost:8081/blogs/posts/cmc-knowledge/03-upstream-culture-scale-up-03-02.html:0
[  276806ms] [WARNING] [Vue warn]: Component "SearchPageButton" has already been registered in target app. @ http://localhost:8081/blogs/.vuepress/.cache/deps/chunk-T534BEHM.js?v=8eb9798d:2194
[  297106ms] [WARNING] [Vue warn]: Component "SearchPageButton" has already been registered in target app. @ http://localhost:8081/blogs/.vuepress/.cache/deps/chunk-T534BEHM.js?v=8eb9798d:2194
[  297327ms] [WARNING] <meta name="apple-mobile-web-app-capable" content="yes"> is deprecated. Please include <meta name="mobile-web-app-capable" content="yes"> @ http://localhost:8081/blogs/posts/cmc-knowledge/03-upstream-culture-scale-up-03-01.html:0
[  312840ms] [WARNING] [Vue warn]: Component "SearchPageButton" has already been registered in target app. @ http://localhost:8081/blogs/.vuepress/.cache/deps/chunk-T534BEHM.js?v=8eb9798d:2194
[  313032ms] [WARNING] <meta name="apple-mobile-web-app-capable" content="yes"> is deprecated. Please include <meta name="mobile-web-app-capable" content="yes"> @ http://localhost:8081/blogs/posts/cmc-knowledge/03-upstream-culture-scale-up-03-01.html:0
[  331061ms] [WARNING] [Vue warn]: Component "SearchPageButton" has already been registered in target app. @ http://localhost:8081/blogs/.vuepress/.cache/deps/chunk-T534BEHM.js?v=8eb9798d:2194
[  331236ms] [WARNING] <meta name="apple-mobile-web-app-capable" content="yes"> is deprecated. Please include <meta name="mobile-web-app-capable" content="yes"> @ http://localhost:8081/blogs/posts/cmc-knowledge/03-upstream-culture-scale-up-03-01.html:0
[  351442ms] [WARNING] [Vue warn]: Component "SearchPageButton" has already been registered in target app. @ http://localhost:8081/blogs/.vuepress/.cache/deps/chunk-T534BEHM.js?v=8eb9798d:2194
[  351560ms] [WARNING] <meta name="apple-mobile-web-app-capable" content="yes"> is deprecated. Please include <meta name="mobile-web-app-capable" content="yes"> @ http://localhost:8081/blogs/posts/cmc-knowledge/03-upstream-culture-scale-up-03-01.html:0
[  391597ms] [WARNING] [Vue warn]: Component "SearchPageButton" has already been registered in target app. @ http://localhost:8081/blogs/.vuepress/.cache/deps/chunk-T534BEHM.js?v=8eb9798d:2194
[  407815ms] [WARNING] [Vue warn]: Component "SearchPageButton" has already been registered in target app. @ http://localhost:8081/blogs/.vuepress/.cache/deps/chunk-T534BEHM.js?v=8eb9798d:2194
[  407945ms] [WARNING] <meta name="apple-mobile-web-app-capable" content="yes"> is deprecated. Please include <meta name="mobile-web-app-capable" content="yes"> @ http://localhost:8081/blogs/posts/cmc-knowledge/03-upstream-culture-scale-up-03-01.html:0
[  431971ms] [WARNING] [Vue warn]: Component "SearchPageButton" has already been registered in target app. @ http://localhost:8081/blogs/.vuepress/.cache/deps/chunk-T534BEHM.js?v=8eb9798d:2194
[  432176ms] [WARNING] <meta name="apple-mobile-web-app-capable" content="yes"> is deprecated. Please include <meta name="mobile-web-app-capable" content="yes"> @ http://localhost:8081/blogs/posts/cmc-knowledge/03-upstream-culture-scale-up-03-01.html#%E7%BB%86%E8%83%9E%E5%9F%B9%E5%85%BB%E5%B7%A5%E8%89%BA%E5%BC%80%E5%8F%91%E7%9A%84%E6%A0%B8%E5%BF%83%E7%BB%B4%E5%BA%A6%E4%B8%8E%E5%8F%82%E6%95%B0%E4%BC%98%E5%8C%96%E9%80%BB%E8%BE%91:0
[  437687ms] [WARNING] [Vue warn]: Component "SearchPageButton" has already been registered in target app. @ http://localhost:8081/blogs/.vuepress/.cache/deps/chunk-T534BEHM.js?v=8eb9798d:2194
[  437832ms] [WARNING] <meta name="apple-mobile-web-app-capable" content="yes"> is deprecated. Please include <meta name="mobile-web-app-capable" content="yes"> @ http://localhost:8081/blogs/posts/cmc-knowledge/03-upstream-culture-scale-up-03-01.html#%E7%BB%86%E8%83%9E%E5%9F%B9%E5%85%BB%E5%B7%A5%E8%89%BA%E5%BC%80%E5%8F%91%E7%9A%84%E6%A0%B8%E5%BF%83%E7%BB%B4%E5%BA%A6%E4%B8%8E%E5%8F%82%E6%95%B0%E4%BC%98%E5%8C%96%E9%80%BB%E8%BE%91:0
[  474415ms] [LOG] [vite] server connection lost. Polling for restart... @ http://localhost:8081/blogs/@vite/client:864
[  572597ms] [ERROR] Failed to load resource: net::ERR_CONNECTION_REFUSED @ http://localhost:8081/blogs/.vuepress/.temp/pages/posts/cmc-knowledge/03-upstream-culture-scale-up-02-01.html.js?t=1778678881067:0
[  572600ms] [WARNING] [Vue Router warn]: uncaught error during route navigation: @ http://localhost:8081/blogs/.vuepress/.cache/deps/vue-router.js?v=8eb9798d:206
[  572603ms] [ERROR] TypeError: Failed to fetch dynamically imported module: http://localhost:8081/blogs/.vuepress/.temp/pages/posts/cmc-knowledge/03-upstream-culture-scale-up-02-01.html.js?t=1778678881067 @ http://localhost:8081/blogs/.vuepress/.cache/deps/vue-router.js?v=8eb9798d:2262
[  572617ms] Failed to fetch dynamically imported module: http://localhost:8081/blogs/.vuepress/.temp/pages/posts/cmc-knowledge/03-upstream-culture-scale-up-02-01.html.js?t=1778678881067
[  574025ms] [WARNING] [Vue Router warn]: uncaught error during route navigation: @ http://localhost:8081/blogs/.vuepress/.cache/deps/vue-router.js?v=8eb9798d:206
[  574025ms] [ERROR] TypeError: Failed to fetch dynamically imported module: http://localhost:8081/blogs/.vuepress/.temp/pages/posts/cmc-knowledge/03-upstream-culture-scale-up-02-01.html.js?t=1778678881067 @ http://localhost:8081/blogs/.vuepress/.cache/deps/vue-router.js?v=8eb9798d:2262
[  574026ms] Failed to fetch dynamically imported module: http://localhost:8081/blogs/.vuepress/.temp/pages/posts/cmc-knowledge/03-upstream-culture-scale-up-02-01.html.js?t=1778678881067
[  575014ms] [WARNING] [Vue Router warn]: uncaught error during route navigation: @ http://localhost:8081/blogs/.vuepress/.cache/deps/vue-router.js?v=8eb9798d:206
[  575014ms] [ERROR] TypeError: Failed to fetch dynamically imported module: http://localhost:8081/blogs/.vuepress/.temp/pages/posts/cmc-knowledge/03-upstream-culture-scale-up-02-01.html.js?t=1778678881067 @ http://localhost:8081/blogs/.vuepress/.cache/deps/vue-router.js?v=8eb9798d:2262
[  575016ms] Failed to fetch dynamically imported module: http://localhost:8081/blogs/.vuepress/.temp/pages/posts/cmc-knowledge/03-upstream-culture-scale-up-02-01.html.js?t=1778678881067
