[    1013ms] [WARNING] [Vue warn]: Component "SearchPageButton" has already been registered in target app. @ http://localhost:8082/blogs/.vuepress/.cache/deps/chunk-T534BEHM.js?v=8eb9798d:2194
[    1734ms] [WARNING] <meta name="apple-mobile-web-app-capable" content="yes"> is deprecated. Please include <meta name="mobile-web-app-capable" content="yes"> @ http://localhost:8082/blogs/posts/cmc-knowledge/03-upstream-culture-scale-up-03-01.html:0
[    1734ms] [ERROR] Failed to load resource: the server responded with a status of 404 (Not Found) @ http://localhost:8082/favicon.ico:0
[  149977ms] [WARNING] [Vue warn]: Component "SearchPageButton" has already been registered in target app. @ http://localhost:8082/blogs/.vuepress/.cache/deps/chunk-T534BEHM.js?v=8eb9798d:2194
[  150321ms] [WARNING] <meta name="apple-mobile-web-app-capable" content="yes"> is deprecated. Please include <meta name="mobile-web-app-capable" content="yes"> @ http://localhost:8082/blogs/posts/cmc-knowledge/03-upstream-culture-scale-up-03-02.html#%E6%B8%A9%E5%BA%A6%E5%AF%B9%E7%BB%86%E8%83%9E%E5%9F%B9%E5%85%BB%E7%9A%84%E5%BD%B1%E5%93%8D-%E6%9C%BA%E5%88%B6%E3%80%81%E7%AA%97%E5%8F%A3%E4%B8%8E%E5%B7%A5%E8%89%BA%E6%84%8F%E4%B9%89:0
[  150338ms] [ERROR] Failed to load resource: the server responded with a status of 404 (Not Found) @ http://localhost:8082/favicon.ico:0
[  173942ms] [WARNING] [Vue warn]: Component "SearchPageButton" has already been registered in target app. @ http://localhost:8082/blogs/.vuepress/.cache/deps/chunk-T534BEHM.js?v=8eb9798d:2194
[  174349ms] [WARNING] <meta name="apple-mobile-web-app-capable" content="yes"> is deprecated. Please include <meta name="mobile-web-app-capable" content="yes"> @ http://localhost:8082/blogs/posts/cmc-knowledge/03-upstream-culture-scale-up-03-02.html#%E6%B8%A9%E5%BA%A6%E5%AF%B9%E7%BB%86%E8%83%9E%E5%9F%B9%E5%85%BB%E7%9A%84%E5%BD%B1%E5%93%8D-%E6%9C%BA%E5%88%B6%E3%80%81%E7%AA%97%E5%8F%A3%E4%B8%8E%E5%B7%A5%E8%89%BA%E6%84%8F%E4%B9%89:0
[  174397ms] [ERROR] Failed to load resource: the server responded with a status of 404 (Not Found) @ http://localhost:8082/favicon.ico:0
[  203932ms] [WARNING] [Vue warn]: Component "SearchPageButton" has already been registered in target app. @ http://localhost:8082/blogs/.vuepress/.cache/deps/chunk-T534BEHM.js?v=8eb9798d:2194
[  204232ms] [WARNING] <meta name="apple-mobile-web-app-capable" content="yes"> is deprecated. Please include <meta name="mobile-web-app-capable" content="yes"> @ http://localhost:8082/blogs/posts/cmc-knowledge/03-upstream-culture-scale-up-03-02.html#%E6%B8%A9%E5%BA%A6%E5%AF%B9%E7%BB%86%E8%83%9E%E5%9F%B9%E5%85%BB%E7%9A%84%E5%BD%B1%E5%93%8D-%E6%9C%BA%E5%88%B6%E3%80%81%E7%AA%97%E5%8F%A3%E4%B8%8E%E5%B7%A5%E8%89%BA%E6%84%8F%E4%B9%89:0
[  204262ms] [ERROR] Failed to load resource: the server responded with a status of 404 (Not Found) @ http://localhost:8082/favicon.ico:0
[  214023ms] [WARNING] [Vue warn]: Component "SearchPageButton" has already been registered in target app. @ http://localhost:8082/blogs/.vuepress/.cache/deps/chunk-T534BEHM.js?v=8eb9798d:2194
[  214714ms] [ERROR] Failed to load resource: the server responded with a status of 404 (Not Found) @ http://localhost:8082/favicon.ico:0
[  214734ms] [WARNING] <meta name="apple-mobile-web-app-capable" content="yes"> is deprecated. Please include <meta name="mobile-web-app-capable" content="yes"> @ http://localhost:8082/blogs/posts/cmc-knowledge/03-upstream-culture-scale-up-03-02.html#%E6%B8%A9%E5%BA%A6%E5%AF%B9%E7%BB%86%E8%83%9E%E5%9F%B9%E5%85%BB%E7%9A%84%E5%BD%B1%E5%93%8D-%E6%9C%BA%E5%88%B6%E3%80%81%E7%AA%97%E5%8F%A3%E4%B8%8E%E5%B7%A5%E8%89%BA%E6%84%8F%E4%B9%89:0
[  286083ms] [WARNING] [Vue warn]: Component "SearchPageButton" has already been registered in target app. @ http://localhost:8082/blogs/.vuepress/.cache/deps/chunk-T534BEHM.js?v=8eb9798d:2194
[  286091ms] [ERROR] Failed to load resource: the server responded with a status of 404 (Not Found) @ http://localhost:8082/favicon.ico:0
[  287269ms] [WARNING] [Vue warn]: Component "SearchPageButton" has already been registered in target app. @ http://localhost:8082/blogs/.vuepress/.cache/deps/chunk-T534BEHM.js?v=8eb9798d:2194
[  287430ms] [WARNING] <meta name="apple-mobile-web-app-capable" content="yes"> is deprecated. Please include <meta name="mobile-web-app-capable" content="yes"> @ http://localhost:8082/blogs/posts/cmc-knowledge/03-upstream-culture-scale-up-03-01.html#%E4%B8%8A%E6%B8%B8%E5%B7%A5%E8%89%BA%E6%94%BE%E5%A4%A7%E7%AD%96%E7%95%A5%E4%BA%8C-%E7%9B%B8%E4%BC%BC%E6%94%BE%E5%A4%A7%E6%B3%95%E7%9A%84%E6%95%B0%E5%AD%A6%E5%9F%BA%E7%A1%80%E4%B8%8E%E5%B7%A5%E7%A8%8B%E5%AE%9E%E7%8E%B0:0
[  341722ms] [WARNING] [Vue warn]: Component "SearchPageButton" has already been registered in target app. @ http://localhost:8082/blogs/.vuepress/.cache/deps/chunk-T534BEHM.js?v=8eb9798d:2194
[  342217ms] [WARNING] <meta name="apple-mobile-web-app-capable" content="yes"> is deprecated. Please include <meta name="mobile-web-app-capable" content="yes"> @ http://localhost:8082/blogs/posts/cmc-knowledge/03-upstream-culture-scale-up-03-02.html#%E6%B8%97%E9%80%8F%E5%8E%8B%E7%9A%84%E8%B0%83%E6%8E%A7%E6%9C%BA%E5%88%B6%E4%B8%8E%E5%B7%A5%E8%89%BA%E5%BA%94%E7%94%A8%E8%A6%81%E7%82%B9:0
[  370142ms] [WARNING] [Vue warn]: Component "SearchPageButton" has already been registered in target app. @ http://localhost:8082/blogs/.vuepress/.cache/deps/chunk-T534BEHM.js?v=8eb9798d:2194
[  370794ms] [WARNING] <meta name="apple-mobile-web-app-capable" content="yes"> is deprecated. Please include <meta name="mobile-web-app-capable" content="yes"> @ http://localhost:8082/blogs/posts/cmc-knowledge/03-upstream-culture-scale-up-03-01.html:0
[  371713ms] [WARNING] [Vue warn]: Component "SearchPageButton" has already been registered in target app. @ http://localhost:8082/blogs/.vuepress/.cache/deps/chunk-T534BEHM.js?v=8eb9798d:2194
[  372188ms] [WARNING] <meta name="apple-mobile-web-app-capable" content="yes"> is deprecated. Please include <meta name="mobile-web-app-capable" content="yes"> @ http://localhost:8082/blogs/posts/cmc-knowledge/03-upstream-culture-scale-up-03-01.html:0
[  440169ms] [WARNING] [Vue warn]: Component "SearchPageButton" has already been registered in target app. @ http://localhost:8082/blogs/.vuepress/.cache/deps/chunk-T534BEHM.js?v=8eb9798d:2194
[  440563ms] [WARNING] <meta name="apple-mobile-web-app-capable" content="yes"> is deprecated. Please include <meta name="mobile-web-app-capable" content="yes"> @ http://localhost:8082/blogs/posts/cmc-knowledge/03-upstream-culture-scale-up-03-01.html:0
[  477325ms] [WARNING] [Vue warn]: Component "SearchPageButton" has already been registered in target app. @ http://localhost:8082/blogs/.vuepress/.cache/deps/chunk-T534BEHM.js?v=8eb9798d:2194
[  477449ms] [WARNING] <meta name="apple-mobile-web-app-capable" content="yes"> is deprecated. Please include <meta name="mobile-web-app-capable" content="yes"> @ http://localhost:8082/blogs/posts/cmc-knowledge/03-upstream-culture-scale-up-03-01.html#n-%E7%B3%96%E5%9F%BA%E5%8C%96%E4%B8%8E%E5%8D%95%E6%8A%97%E8%8D%AF%E7%89%A9%E4%BB%A3%E8%B0%A2%E7%9A%84%E5%85%B3%E7%B3%BB-fcrn-%E9%80%9A%E8%B7%AF%E3%80%81asgpr-%E8%AF%86%E5%88%AB%E4%B8%8E%E9%AB%98%E7%94%98%E9%9C%B2%E7%B3%96%E5%9E%8B%E9%A3%8E%E9%99%A9%E5%88%86%E6%9E%90:0
[  491150ms] [WARNING] [Vue warn]: Component "SearchPageButton" has already been registered in target app. @ http://localhost:8082/blogs/.vuepress/.cache/deps/chunk-T534BEHM.js?v=8eb9798d:2194
[  491418ms] [WARNING] <meta name="apple-mobile-web-app-capable" content="yes"> is deprecated. Please include <meta name="mobile-web-app-capable" content="yes"> @ http://localhost:8082/blogs/posts/cmc-knowledge/03-upstream-culture-scale-up-03-01.html#n-%E7%B3%96%E5%9F%BA%E5%8C%96%E4%B8%8E%E5%8D%95%E6%8A%97%E8%8D%AF%E7%89%A9%E4%BB%A3%E8%B0%A2%E7%9A%84%E5%85%B3%E7%B3%BB-fcrn-%E9%80%9A%E8%B7%AF%E3%80%81asgpr-%E8%AF%86%E5%88%AB%E4%B8%8E%E9%AB%98%E7%94%98%E9%9C%B2%E7%B3%96%E5%9E%8B%E9%A3%8E%E9%99%A9%E5%88%86%E6%9E%90:0
[  505231ms] [WARNING] [Vue warn]: Component "SearchPageButton" has already been registered in target app. @ http://localhost:8082/blogs/.vuepress/.cache/deps/chunk-T534BEHM.js?v=8eb9798d:2194
[  505541ms] [WARNING] <meta name="apple-mobile-web-app-capable" content="yes"> is deprecated. Please include <meta name="mobile-web-app-capable" content="yes"> @ http://localhost:8082/blogs/posts/cmc-knowledge/03-upstream-culture-scale-up-03-01.html:0
[  542713ms] [WARNING] [Vue warn]: Component "SearchPageButton" has already been registered in target app. @ http://localhost:8082/blogs/.vuepress/.cache/deps/chunk-T534BEHM.js?v=8eb9798d:2194
[  543185ms] [WARNING] <meta name="apple-mobile-web-app-capable" content="yes"> is deprecated. Please include <meta name="mobile-web-app-capable" content="yes"> @ http://localhost:8082/blogs/posts/cmc-knowledge/03-upstream-culture-scale-up-03-02.html#%E6%90%85%E6%8B%8C%E8%BD%AC%E9%80%9F%E7%9A%84%E9%80%89%E6%8B%A9%E5%8E%9F%E5%88%99%E4%B8%8E%E5%B7%A5%E8%89%BA%E6%94%BE%E5%A4%A7%E7%AD%96%E7%95%A5:0
[  559331ms] [WARNING] [Vue warn]: Component "SearchPageButton" has already been registered in target app. @ http://localhost:8082/blogs/.vuepress/.cache/deps/chunk-T534BEHM.js?v=8eb9798d:2194
[  562184ms] [WARNING] <meta name="apple-mobile-web-app-capable" content="yes"> is deprecated. Please include <meta name="mobile-web-app-capable" content="yes"> @ http://localhost:8082/blogs/posts/cmc-knowledge/03-upstream-culture-scale-up-03-01.html:0
[  582130ms] [WARNING] [Vue warn]: Component "SearchPageButton" has already been registered in target app. @ http://localhost:8082/blogs/.vuepress/.cache/deps/chunk-T534BEHM.js?v=8eb9798d:2194
[  582460ms] [WARNING] <meta name="apple-mobile-web-app-capable" content="yes"> is deprecated. Please include <meta name="mobile-web-app-capable" content="yes"> @ http://localhost:8082/blogs/posts/cmc-knowledge/03-upstream-culture-scale-up-03-02.html#%E6%90%85%E6%8B%8C%E8%BD%AC%E9%80%9F%E7%9A%84%E9%80%89%E6%8B%A9%E5%8E%9F%E5%88%99%E4%B8%8E%E5%B7%A5%E8%89%BA%E6%94%BE%E5%A4%A7%E7%AD%96%E7%95%A5:0
[  593228ms] [WARNING] [Vue warn]: Component "SearchPageButton" has already been registered in target app. @ http://localhost:8082/blogs/.vuepress/.cache/deps/chunk-T534BEHM.js?v=8eb9798d:2194
[  595901ms] [WARNING] <meta name="apple-mobile-web-app-capable" content="yes"> is deprecated. Please include <meta name="mobile-web-app-capable" content="yes"> @ http://localhost:8082/blogs/posts/cmc-knowledge/03-upstream-culture-scale-up-03-02.html#%E6%90%85%E6%8B%8C%E8%BD%AC%E9%80%9F%E7%9A%84%E9%80%89%E6%8B%A9%E5%8E%9F%E5%88%99%E4%B8%8E%E5%B7%A5%E8%89%BA%E6%94%BE%E5%A4%A7%E7%AD%96%E7%95%A5:0
[  751486ms] [LOG] [vite] server connection lost. Polling for restart... @ http://localhost:8082/blogs/@vite/client:864
[  827718ms] [ERROR] Failed to load resource: net::ERR_CONNECTION_REFUSED @ http://localhost:8082/blogs/.vuepress/.temp/pages/posts/cmc-knowledge/03-upstream-culture-scale-up-03-01.html.js?t=1778662725420:0
[  827720ms] [WARNING] [Vue Router warn]: uncaught error during route navigation: @ http://localhost:8082/blogs/.vuepress/.cache/deps/vue-router.js?v=8eb9798d:206
[  827722ms] [ERROR] TypeError: Failed to fetch dynamically imported module: http://localhost:8082/blogs/.vuepress/.temp/pages/posts/cmc-knowledge/03-upstream-culture-scale-up-03-01.html.js?t=1778662725420 @ http://localhost:8082/blogs/.vuepress/.cache/deps/vue-router.js?v=8eb9798d:2262
[  827800ms] Failed to fetch dynamically imported module: http://localhost:8082/blogs/.vuepress/.temp/pages/posts/cmc-knowledge/03-upstream-culture-scale-up-03-01.html.js?t=1778662725420
[  830087ms] [WARNING] [Vue Router warn]: uncaught error during route navigation: @ http://localhost:8082/blogs/.vuepress/.cache/deps/vue-router.js?v=8eb9798d:206
[  830087ms] [ERROR] TypeError: Failed to fetch dynamically imported module: http://localhost:8082/blogs/.vuepress/.temp/pages/posts/cmc-knowledge/03-upstream-culture-scale-up-03-01.html.js?t=1778662725420 @ http://localhost:8082/blogs/.vuepress/.cache/deps/vue-router.js?v=8eb9798d:2262
[  830106ms] Failed to fetch dynamically imported module: http://localhost:8082/blogs/.vuepress/.temp/pages/posts/cmc-knowledge/03-upstream-culture-scale-up-03-01.html.js?t=1778662725420
[  831105ms] [WARNING] [Vue Router warn]: uncaught error during route navigation: @ http://localhost:8082/blogs/.vuepress/.cache/deps/vue-router.js?v=8eb9798d:206
[  831105ms] [ERROR] TypeError: Failed to fetch dynamically imported module: http://localhost:8082/blogs/.vuepress/.temp/pages/posts/cmc-knowledge/03-upstream-culture-scale-up-03-01.html.js?t=1778662725420 @ http://localhost:8082/blogs/.vuepress/.cache/deps/vue-router.js?v=8eb9798d:2262
[  831110ms] Failed to fetch dynamically imported module: http://localhost:8082/blogs/.vuepress/.temp/pages/posts/cmc-knowledge/03-upstream-culture-scale-up-03-01.html.js?t=1778662725420
[  832856ms] [WARNING] [Vue Router warn]: uncaught error during route navigation: @ http://localhost:8082/blogs/.vuepress/.cache/deps/vue-router.js?v=8eb9798d:206
[  832856ms] [ERROR] TypeError: Failed to fetch dynamically imported module: http://localhost:8082/blogs/.vuepress/.temp/pages/posts/cmc-knowledge/03-upstream-culture-scale-up-03-01.html.js?t=1778662725420 @ http://localhost:8082/blogs/.vuepress/.cache/deps/vue-router.js?v=8eb9798d:2262
[  832861ms] Failed to fetch dynamically imported module: http://localhost:8082/blogs/.vuepress/.temp/pages/posts/cmc-knowledge/03-upstream-culture-scale-up-03-01.html.js?t=1778662725420
