0 verbose cli /Users/xpy/.nvm/versions/node/v24.12.0/bin/node /Users/xpy/.nvm/versions/node/v24.12.0/lib/node_modules/npm/bin/npm-cli.js
1 info using npm@11.14.0
2 info using node@v24.12.0
3 silly config load:file:/Users/xpy/.nvm/versions/node/v24.12.0/lib/node_modules/npm/npmrc
4 silly config load:file:/Users/xpy/Coding/biocloudhub/blogs/.npmrc
5 silly config load:file:/Users/xpy/.npmrc
6 silly config load:file:/Users/xpy/.nvm/versions/node/v24.12.0/etc/npmrc
7 verbose title npm exec tsx /Users/xpy/Coding/biocloudhub/blogs/scripts/update-cmc-titles.ts
8 verbose argv "exec" "--" "tsx" "/Users/xpy/Coding/biocloudhub/blogs/scripts/update-cmc-titles.ts"
9 verbose logfile logs-max:10 dir:/Users/xpy/Coding/biocloudhub/blogs/.npm-cache/_logs/2026-05-11T14_17_44_217Z-
10 verbose logfile /Users/xpy/Coding/biocloudhub/blogs/.npm-cache/_logs/2026-05-11T14_17_44_217Z-debug-0.log
11 warn Unknown user config "python". This will stop working in the next major version of npm. See `npm help npmrc` for supported config options.
12 silly logfile start cleaning logs, removing 1 files
13 silly logfile done cleaning log files
14 silly packumentCache heap:2348810240 maxSize:587202560 maxEntrySize:293601280
15 verbose shrinkwrap failed to load node_modules/.package-lock.json out of date, updated: node_modules
16 http fetch GET 200 https://registry.npmjs.org/tsx 1944ms (cache miss)
17 silly packumentCache heap:2348810240 maxSize:587202560 maxEntrySize:293601280
18 silly packumentCache heap:2348810240 maxSize:587202560 maxEntrySize:293601280
19 warn exec The following package was not found and will be installed: tsx@4.21.0
20 silly idealTree buildDeps
21 silly fetch manifest tsx@4.21.0
22 silly packumentCache full:https://registry.npmjs.org/tsx cache-miss
23 http fetch GET 200 https://registry.npmjs.org/tsx 1268ms (cache miss)
24 silly packumentCache full:https://registry.npmjs.org/tsx set size:undefined disposed:false
25 silly placeDep ROOT tsx@4.21.0 OK for:  want: 4.21.0
26 silly fetch manifest esbuild@~0.27.0
27 silly packumentCache full:https://registry.npmjs.org/esbuild cache-miss
28 silly fetch manifest get-tsconfig@^4.7.5
29 silly packumentCache full:https://registry.npmjs.org/get-tsconfig cache-miss
30 silly fetch manifest fsevents@~2.3.3
31 silly packumentCache full:https://registry.npmjs.org/fsevents cache-miss
32 http fetch GET 200 https://registry.npmjs.org/fsevents 929ms (cache revalidated)
33 silly packumentCache full:https://registry.npmjs.org/fsevents set size:182472 disposed:false
34 http fetch GET 200 https://registry.npmjs.org/get-tsconfig 3060ms (cache miss)
35 silly packumentCache full:https://registry.npmjs.org/get-tsconfig set size:undefined disposed:false
36 http fetch GET 200 https://registry.npmjs.org/esbuild 3871ms (cache miss)
37 silly packumentCache full:https://registry.npmjs.org/esbuild set size:undefined disposed:false
38 silly placeDep ROOT esbuild@0.27.7 OK for: tsx@4.21.0 want: ~0.27.0
39 silly placeDep ROOT fsevents@2.3.3 OK for: tsx@4.21.0 want: ~2.3.3
40 silly placeDep ROOT get-tsconfig@4.14.0 OK for: tsx@4.21.0 want: ^4.7.5
41 silly fetch manifest @esbuild/aix-ppc64@0.27.7
42 silly packumentCache full:https://registry.npmjs.org/@esbuild%2faix-ppc64 cache-miss
43 silly fetch manifest @esbuild/linux-arm@0.27.7
44 silly packumentCache full:https://registry.npmjs.org/@esbuild%2flinux-arm cache-miss
45 silly fetch manifest @esbuild/linux-x64@0.27.7
46 silly packumentCache full:https://registry.npmjs.org/@esbuild%2flinux-x64 cache-miss
47 silly fetch manifest @esbuild/sunos-x64@0.27.7
48 silly packumentCache full:https://registry.npmjs.org/@esbuild%2fsunos-x64 cache-miss
49 silly fetch manifest @esbuild/win32-x64@0.27.7
50 silly packumentCache full:https://registry.npmjs.org/@esbuild%2fwin32-x64 cache-miss
51 silly fetch manifest @esbuild/darwin-x64@0.27.7
52 silly packumentCache full:https://registry.npmjs.org/@esbuild%2fdarwin-x64 cache-miss
53 silly fetch manifest @esbuild/linux-ia32@0.27.7
54 silly packumentCache full:https://registry.npmjs.org/@esbuild%2flinux-ia32 cache-miss
55 http fetch GET 200 https://registry.npmjs.org/@esbuild%2faix-ppc64 515ms (cache miss)
56 silly packumentCache full:https://registry.npmjs.org/@esbuild%2faix-ppc64 set size:undefined disposed:false
57 silly fetch manifest @esbuild/netbsd-x64@0.27.7
58 silly packumentCache full:https://registry.npmjs.org/@esbuild%2fnetbsd-x64 cache-miss
59 http fetch GET 200 https://registry.npmjs.org/@esbuild%2flinux-x64 860ms (cache miss)
60 silly packumentCache full:https://registry.npmjs.org/@esbuild%2flinux-x64 set size:undefined disposed:false
61 silly fetch manifest @esbuild/win32-ia32@0.27.7
62 silly packumentCache full:https://registry.npmjs.org/@esbuild%2fwin32-ia32 cache-miss
63 http fetch GET 200 https://registry.npmjs.org/@esbuild%2flinux-arm 1036ms (cache miss)
64 silly packumentCache full:https://registry.npmjs.org/@esbuild%2flinux-arm set size:undefined disposed:false
65 silly fetch manifest @esbuild/android-arm@0.27.7
66 silly packumentCache full:https://registry.npmjs.org/@esbuild%2fandroid-arm cache-miss
67 http fetch GET 200 https://registry.npmjs.org/@esbuild%2fnetbsd-x64 768ms (cache miss)
68 silly packumentCache full:https://registry.npmjs.org/@esbuild%2fnetbsd-x64 set size:undefined disposed:false
69 silly fetch manifest @esbuild/android-x64@0.27.7
70 silly packumentCache full:https://registry.npmjs.org/@esbuild%2fandroid-x64 cache-miss
71 http fetch GET 200 https://registry.npmjs.org/@esbuild%2fdarwin-x64 1976ms (cache miss)
72 silly packumentCache full:https://registry.npmjs.org/@esbuild%2fdarwin-x64 set size:undefined disposed:false
73 silly fetch manifest @esbuild/freebsd-x64@0.27.7
74 silly packumentCache full:https://registry.npmjs.org/@esbuild%2ffreebsd-x64 cache-miss
75 http fetch GET 200 https://registry.npmjs.org/@esbuild%2fandroid-x64 958ms (cache miss)
76 silly packumentCache full:https://registry.npmjs.org/@esbuild%2fandroid-x64 set size:undefined disposed:false
77 silly fetch manifest @esbuild/linux-arm64@0.27.7
78 silly packumentCache full:https://registry.npmjs.org/@esbuild%2flinux-arm64 cache-miss
79 http fetch GET 200 https://registry.npmjs.org/@esbuild%2fandroid-arm 1240ms (cache miss)
80 silly packumentCache full:https://registry.npmjs.org/@esbuild%2fandroid-arm set size:undefined disposed:false
81 silly fetch manifest @esbuild/linux-ppc64@0.27.7
82 silly packumentCache full:https://registry.npmjs.org/@esbuild%2flinux-ppc64 cache-miss
83 http fetch GET 200 https://registry.npmjs.org/@esbuild%2fwin32-ia32 1822ms (cache miss)
84 silly packumentCache full:https://registry.npmjs.org/@esbuild%2fwin32-ia32 set size:undefined disposed:false
85 silly fetch manifest @esbuild/linux-s390x@0.27.7
86 silly packumentCache full:https://registry.npmjs.org/@esbuild%2flinux-s390x cache-miss
87 http fetch GET 200 https://registry.npmjs.org/@esbuild%2fwin32-x64 2845ms (cache miss)
88 silly packumentCache full:https://registry.npmjs.org/@esbuild%2fwin32-x64 set size:undefined disposed:false
89 silly fetch manifest @esbuild/openbsd-x64@0.27.7
90 silly packumentCache full:https://registry.npmjs.org/@esbuild%2fopenbsd-x64 cache-miss
91 http fetch GET 200 https://registry.npmjs.org/@esbuild%2fsunos-x64 2924ms (cache miss)
92 silly packumentCache full:https://registry.npmjs.org/@esbuild%2fsunos-x64 set size:undefined disposed:false
93 silly fetch manifest @esbuild/win32-arm64@0.27.7
94 silly packumentCache full:https://registry.npmjs.org/@esbuild%2fwin32-arm64 cache-miss
95 http fetch GET 200 https://registry.npmjs.org/@esbuild%2ffreebsd-x64 1359ms (cache miss)
96 silly packumentCache full:https://registry.npmjs.org/@esbuild%2ffreebsd-x64 set size:undefined disposed:false
97 silly fetch manifest @esbuild/darwin-arm64@0.27.7
98 silly packumentCache full:https://registry.npmjs.org/@esbuild%2fdarwin-arm64 cache-miss
99 http fetch GET 200 https://registry.npmjs.org/@esbuild%2flinux-arm64 1128ms (cache miss)
100 silly packumentCache full:https://registry.npmjs.org/@esbuild%2flinux-arm64 set size:undefined disposed:false
101 silly fetch manifest @esbuild/netbsd-arm64@0.27.7
102 silly packumentCache full:https://registry.npmjs.org/@esbuild%2fnetbsd-arm64 cache-miss
103 http fetch GET 200 https://registry.npmjs.org/@esbuild%2flinux-ppc64 1372ms (cache miss)
104 silly packumentCache full:https://registry.npmjs.org/@esbuild%2flinux-ppc64 set size:undefined disposed:false
105 silly fetch manifest @esbuild/android-arm64@0.27.7
106 silly packumentCache full:https://registry.npmjs.org/@esbuild%2fandroid-arm64 cache-miss
107 http fetch GET 200 https://registry.npmjs.org/@esbuild%2flinux-s390x 969ms (cache miss)
108 silly packumentCache full:https://registry.npmjs.org/@esbuild%2flinux-s390x set size:undefined disposed:false
109 silly fetch manifest @esbuild/freebsd-arm64@0.27.7
110 silly packumentCache full:https://registry.npmjs.org/@esbuild%2ffreebsd-arm64 cache-miss
111 http fetch GET 200 https://registry.npmjs.org/@esbuild%2fopenbsd-x64 869ms (cache miss)
112 silly packumentCache full:https://registry.npmjs.org/@esbuild%2fopenbsd-x64 set size:undefined disposed:false
113 silly fetch manifest @esbuild/linux-loong64@0.27.7
114 silly packumentCache full:https://registry.npmjs.org/@esbuild%2flinux-loong64 cache-miss
115 http fetch GET 200 https://registry.npmjs.org/@esbuild%2fwin32-arm64 940ms (cache miss)
116 silly packumentCache full:https://registry.npmjs.org/@esbuild%2fwin32-arm64 set size:undefined disposed:false
117 silly fetch manifest @esbuild/linux-riscv64@0.27.7
118 silly packumentCache full:https://registry.npmjs.org/@esbuild%2flinux-riscv64 cache-miss
119 http fetch GET 200 https://registry.npmjs.org/@esbuild%2fnetbsd-arm64 640ms (cache miss)
120 silly packumentCache full:https://registry.npmjs.org/@esbuild%2fnetbsd-arm64 set size:undefined disposed:false
121 silly fetch manifest @esbuild/openbsd-arm64@0.27.7
122 silly packumentCache full:https://registry.npmjs.org/@esbuild%2fopenbsd-arm64 cache-miss
123 http fetch GET 200 https://registry.npmjs.org/@esbuild%2flinux-ia32 4222ms (cache miss)
124 silly packumentCache full:https://registry.npmjs.org/@esbuild%2flinux-ia32 set size:undefined disposed:false
125 silly fetch manifest @esbuild/linux-mips64el@0.27.7
126 silly packumentCache full:https://registry.npmjs.org/@esbuild%2flinux-mips64el cache-miss
127 http fetch GET 200 https://registry.npmjs.org/@esbuild%2ffreebsd-arm64 1049ms (cache miss)
128 silly packumentCache full:https://registry.npmjs.org/@esbuild%2ffreebsd-arm64 set size:undefined disposed:false
129 silly fetch manifest @esbuild/openharmony-arm64@0.27.7
130 silly packumentCache full:https://registry.npmjs.org/@esbuild%2fopenharmony-arm64 cache-miss
131 http fetch GET 200 https://registry.npmjs.org/@esbuild%2flinux-riscv64 1004ms (cache miss)
132 silly packumentCache full:https://registry.npmjs.org/@esbuild%2flinux-riscv64 set size:undefined disposed:false
133 silly fetch manifest resolve-pkg-maps@^1.0.0
134 silly packumentCache full:https://registry.npmjs.org/resolve-pkg-maps cache-miss
135 http fetch GET 200 https://registry.npmjs.org/@esbuild%2fopenharmony-arm64 237ms (cache miss)
136 silly packumentCache full:https://registry.npmjs.org/@esbuild%2fopenharmony-arm64 set size:undefined disposed:false
137 http fetch GET 200 https://registry.npmjs.org/@esbuild%2fopenbsd-arm64 982ms (cache miss)
138 silly packumentCache full:https://registry.npmjs.org/@esbuild%2fopenbsd-arm64 set size:undefined disposed:false
139 http fetch GET 200 https://registry.npmjs.org/@esbuild%2fandroid-arm64 1378ms (cache miss)
140 silly packumentCache full:https://registry.npmjs.org/@esbuild%2fandroid-arm64 set size:undefined disposed:false
141 http fetch GET 200 https://registry.npmjs.org/resolve-pkg-maps 228ms (cache miss)
142 silly packumentCache full:https://registry.npmjs.org/resolve-pkg-maps set size:undefined disposed:false
143 http fetch GET 200 https://registry.npmjs.org/@esbuild%2fdarwin-arm64 1767ms (cache miss)
144 silly packumentCache full:https://registry.npmjs.org/@esbuild%2fdarwin-arm64 set size:undefined disposed:false
145 http fetch GET 200 https://registry.npmjs.org/@esbuild%2flinux-loong64 1502ms (cache miss)
146 silly packumentCache full:https://registry.npmjs.org/@esbuild%2flinux-loong64 set size:undefined disposed:false
147 http fetch GET 200 https://registry.npmjs.org/@esbuild%2flinux-mips64el 1543ms (cache miss)
148 silly packumentCache full:https://registry.npmjs.org/@esbuild%2flinux-mips64el set size:undefined disposed:false
149 silly placeDep ROOT @esbuild/aix-ppc64@0.27.7 OK for: esbuild@0.27.7 want: 0.27.7
150 silly placeDep ROOT @esbuild/android-arm@0.27.7 OK for: esbuild@0.27.7 want: 0.27.7
151 silly placeDep ROOT @esbuild/android-arm64@0.27.7 OK for: esbuild@0.27.7 want: 0.27.7
152 silly placeDep ROOT @esbuild/android-x64@0.27.7 OK for: esbuild@0.27.7 want: 0.27.7
153 silly placeDep ROOT @esbuild/darwin-arm64@0.27.7 OK for: esbuild@0.27.7 want: 0.27.7
154 silly placeDep ROOT @esbuild/darwin-x64@0.27.7 OK for: esbuild@0.27.7 want: 0.27.7
155 silly placeDep ROOT @esbuild/freebsd-arm64@0.27.7 OK for: esbuild@0.27.7 want: 0.27.7
156 silly placeDep ROOT @esbuild/freebsd-x64@0.27.7 OK for: esbuild@0.27.7 want: 0.27.7
157 silly placeDep ROOT @esbuild/linux-arm@0.27.7 OK for: esbuild@0.27.7 want: 0.27.7
158 silly placeDep ROOT @esbuild/linux-arm64@0.27.7 OK for: esbuild@0.27.7 want: 0.27.7
159 silly placeDep ROOT @esbuild/linux-ia32@0.27.7 OK for: esbuild@0.27.7 want: 0.27.7
160 silly placeDep ROOT @esbuild/linux-loong64@0.27.7 OK for: esbuild@0.27.7 want: 0.27.7
161 silly placeDep ROOT @esbuild/linux-mips64el@0.27.7 OK for: esbuild@0.27.7 want: 0.27.7
162 silly placeDep ROOT @esbuild/linux-ppc64@0.27.7 OK for: esbuild@0.27.7 want: 0.27.7
163 silly placeDep ROOT @esbuild/linux-riscv64@0.27.7 OK for: esbuild@0.27.7 want: 0.27.7
164 silly placeDep ROOT @esbuild/linux-s390x@0.27.7 OK for: esbuild@0.27.7 want: 0.27.7
165 silly placeDep ROOT @esbuild/linux-x64@0.27.7 OK for: esbuild@0.27.7 want: 0.27.7
166 silly placeDep ROOT @esbuild/netbsd-arm64@0.27.7 OK for: esbuild@0.27.7 want: 0.27.7
167 silly placeDep ROOT @esbuild/netbsd-x64@0.27.7 OK for: esbuild@0.27.7 want: 0.27.7
168 silly placeDep ROOT @esbuild/openbsd-arm64@0.27.7 OK for: esbuild@0.27.7 want: 0.27.7
169 silly placeDep ROOT @esbuild/openbsd-x64@0.27.7 OK for: esbuild@0.27.7 want: 0.27.7
170 silly placeDep ROOT @esbuild/openharmony-arm64@0.27.7 OK for: esbuild@0.27.7 want: 0.27.7
171 silly placeDep ROOT @esbuild/sunos-x64@0.27.7 OK for: esbuild@0.27.7 want: 0.27.7
172 silly placeDep ROOT @esbuild/win32-arm64@0.27.7 OK for: esbuild@0.27.7 want: 0.27.7
173 silly placeDep ROOT @esbuild/win32-ia32@0.27.7 OK for: esbuild@0.27.7 want: 0.27.7
174 silly placeDep ROOT @esbuild/win32-x64@0.27.7 OK for: esbuild@0.27.7 want: 0.27.7
175 silly placeDep ROOT resolve-pkg-maps@1.0.0 OK for: get-tsconfig@4.14.0 want: ^1.0.0
176 silly reify moves {}
177 silly audit bulk request {
177 silly audit   tsx: [ '4.21.0' ],
177 silly audit   esbuild: [ '0.27.7' ],
177 silly audit   fsevents: [ '2.3.3' ],
177 silly audit   'get-tsconfig': [ '4.14.0' ],
177 silly audit   '@esbuild/aix-ppc64': [ '0.27.7' ],
177 silly audit   '@esbuild/android-arm': [ '0.27.7' ],
177 silly audit   '@esbuild/android-arm64': [ '0.27.7' ],
177 silly audit   '@esbuild/android-x64': [ '0.27.7' ],
177 silly audit   '@esbuild/darwin-arm64': [ '0.27.7' ],
177 silly audit   '@esbuild/darwin-x64': [ '0.27.7' ],
177 silly audit   '@esbuild/freebsd-arm64': [ '0.27.7' ],
177 silly audit   '@esbuild/freebsd-x64': [ '0.27.7' ],
177 silly audit   '@esbuild/linux-arm': [ '0.27.7' ],
177 silly audit   '@esbuild/linux-arm64': [ '0.27.7' ],
177 silly audit   '@esbuild/linux-ia32': [ '0.27.7' ],
177 silly audit   '@esbuild/linux-loong64': [ '0.27.7' ],
177 silly audit   '@esbuild/linux-mips64el': [ '0.27.7' ],
177 silly audit   '@esbuild/linux-ppc64': [ '0.27.7' ],
177 silly audit   '@esbuild/linux-riscv64': [ '0.27.7' ],
177 silly audit   '@esbuild/linux-s390x': [ '0.27.7' ],
177 silly audit   '@esbuild/linux-x64': [ '0.27.7' ],
177 silly audit   '@esbuild/netbsd-arm64': [ '0.27.7' ],
177 silly audit   '@esbuild/netbsd-x64': [ '0.27.7' ],
177 silly audit   '@esbuild/openbsd-arm64': [ '0.27.7' ],
177 silly audit   '@esbuild/openbsd-x64': [ '0.27.7' ],
177 silly audit   '@esbuild/openharmony-arm64': [ '0.27.7' ],
177 silly audit   '@esbuild/sunos-x64': [ '0.27.7' ],
177 silly audit   '@esbuild/win32-arm64': [ '0.27.7' ],
177 silly audit   '@esbuild/win32-ia32': [ '0.27.7' ],
177 silly audit   '@esbuild/win32-x64': [ '0.27.7' ],
177 silly audit   'resolve-pkg-maps': [ '1.0.0' ]
177 silly audit }
178 http cache resolve-pkg-maps@https://registry.npmjs.org/resolve-pkg-maps/-/resolve-pkg-maps-1.0.0.tgz 0ms (cache hit)
179 http cache @esbuild/darwin-arm64@https://registry.npmjs.org/@esbuild/darwin-arm64/-/darwin-arm64-0.27.7.tgz 0ms (cache hit)
180 http cache get-tsconfig@https://registry.npmjs.org/get-tsconfig/-/get-tsconfig-4.14.0.tgz 0ms (cache hit)
181 http cache fsevents@https://registry.npmjs.org/fsevents/-/fsevents-2.3.3.tgz 0ms (cache hit)
182 http cache tsx@https://registry.npmjs.org/tsx/-/tsx-4.21.0.tgz 0ms (cache hit)
183 http cache esbuild@https://registry.npmjs.org/esbuild/-/esbuild-0.27.7.tgz 0ms (cache hit)
184 silly tarball no local data for resolve-pkg-maps@https://registry.npmjs.org/resolve-pkg-maps/-/resolve-pkg-maps-1.0.0.tgz. Extracting by manifest.
185 silly tarball no local data for @esbuild/darwin-arm64@https://registry.npmjs.org/@esbuild/darwin-arm64/-/darwin-arm64-0.27.7.tgz. Extracting by manifest.
186 silly tarball no local data for get-tsconfig@https://registry.npmjs.org/get-tsconfig/-/get-tsconfig-4.14.0.tgz. Extracting by manifest.
187 silly tarball no local data for tsx@https://registry.npmjs.org/tsx/-/tsx-4.21.0.tgz. Extracting by manifest.
188 silly tarball no local data for esbuild@https://registry.npmjs.org/esbuild/-/esbuild-0.27.7.tgz. Extracting by manifest.
189 http fetch POST 200 https://registry.npmjs.org/-/npm/v1/security/advisories/bulk 211ms
190 silly audit report {}
191 http fetch GET 200 https://registry.npmjs.org/resolve-pkg-maps/-/resolve-pkg-maps-1.0.0.tgz 475ms (cache miss)
192 http fetch GET 200 https://registry.npmjs.org/esbuild/-/esbuild-0.27.7.tgz 635ms (cache miss)
193 http fetch GET 200 https://registry.npmjs.org/get-tsconfig/-/get-tsconfig-4.14.0.tgz 873ms (cache miss)
194 http fetch GET 200 https://registry.npmjs.org/tsx/-/tsx-4.21.0.tgz 4667ms (cache miss)
195 http fetch GET 200 https://registry.npmjs.org/@esbuild/darwin-arm64/-/darwin-arm64-0.27.7.tgz 112393ms (cache miss)
196 info run fsevents@2.3.3 install node_modules/fsevents node-gyp rebuild
197 info run fsevents@2.3.3 install { code: 1, signal: null }
198 verbose reify failed optional dependency /Users/xpy/Coding/biocloudhub/blogs/.npm-cache/_npx/fd45a72a545557e9/node_modules/fsevents
199 silly reify mark deleted [
199 silly reify   '/Users/xpy/Coding/biocloudhub/blogs/.npm-cache/_npx/fd45a72a545557e9/node_modules/fsevents'
199 silly reify ]
200 info run esbuild@0.27.7 postinstall node_modules/esbuild node install.js
201 info run esbuild@0.27.7 postinstall { code: 0, signal: null }
202 verbose cwd /Users/xpy/Coding/biocloudhub/blogs
203 verbose os Darwin 25.4.0
204 verbose node v24.12.0
205 verbose npm  v11.14.0
206 verbose exit 0
207 info ok
