0 verbose cli /Users/xpy/.nvm/versions/node/v24.12.0/bin/node /Users/xpy/.nvm/versions/node/v24.12.0/bin/npm
1 info using npm@11.14.0
2 info using node@v24.12.0
3 silly config load:file:/Users/xpy/.nvm/versions/node/v24.12.0/lib/node_modules/npm/npmrc
4 silly config load:file:/Users/xpy/Coding/biocloudhub/blogs/.npmrc
5 silly config load:file:/Users/xpy/.npmrc
6 silly config load:file:/Users/xpy/.nvm/versions/node/v24.12.0/etc/npmrc
7 verbose title npm run docs:build
8 verbose argv "run" "docs:build"
9 verbose logfile logs-max:10 dir:/Users/xpy/Coding/biocloudhub/blogs/.npm-cache/_logs/2026-05-08T06_55_05_678Z-
10 verbose logfile /Users/xpy/Coding/biocloudhub/blogs/.npm-cache/_logs/2026-05-08T06_55_05_678Z-debug-0.log
11 warn Unknown env config "python". This will stop working in the next major version of npm. See `npm help npmrc` for supported config options.
12 warn Unknown user config "python". This will stop working in the next major version of npm. See `npm help npmrc` for supported config options.
13 silly logfile start cleaning logs, removing 1 files
14 silly logfile done cleaning log files
15 verbose cwd /Users/xpy/Coding/biocloudhub/blogs
16 verbose os Darwin 25.4.0
17 verbose node v24.12.0
18 verbose npm  v11.14.0
19 verbose exit 0
20 info ok
