0 verbose cli /Users/xpy/.nvm/versions/node/v24.12.0/bin/node /Users/xpy/.nvm/versions/node/v24.12.0/lib/node_modules/npm/bin/npm-cli.js
1 info using npm@11.14.0
2 info using node@v24.12.0
3 silly config load:file:/Users/xpy/.nvm/versions/node/v24.12.0/lib/node_modules/npm/npmrc
4 silly config load:file:/Users/xpy/Coding/biocloudhub/blogs/.npmrc
5 silly config load:file:/Users/xpy/.npmrc
6 silly config load:file:/Users/xpy/.nvm/versions/node/v24.12.0/etc/npmrc
7 verbose title npm exec vuepress build docs
8 verbose argv "exec" "--" "vuepress" "build" "docs"
9 verbose logfile logs-max:10 dir:/Users/xpy/Coding/biocloudhub/blogs/.npm-cache/_logs/2026-05-10T13_36_39_360Z-
10 verbose logfile /Users/xpy/Coding/biocloudhub/blogs/.npm-cache/_logs/2026-05-10T13_36_39_360Z-debug-0.log
11 warn Unknown user config "python". This will stop working in the next major version of npm. See `npm help npmrc` for supported config options.
12 silly logfile start cleaning logs, removing 1 files
13 silly logfile done cleaning log files
14 verbose cwd /Users/xpy/Coding/biocloudhub/blogs
15 verbose os Darwin 25.4.0
16 verbose node v24.12.0
17 verbose npm  v11.14.0
18 verbose exit 0
19 info ok
