0 verbose cli /Users/xpy/.nvm/versions/node/v24.12.0/bin/node /Users/xpy/.nvm/versions/node/v24.12.0/bin/npm
1 info using npm@11.6.2
2 info using node@v24.12.0
3 silly config load:file:/Users/xpy/.nvm/versions/node/v24.12.0/lib/node_modules/npm/npmrc
4 silly config load:file:/Users/xpy/Coding/biocloudhub/blogs/.npmrc
5 silly config load:file:/Users/xpy/.npmrc
6 warn Unknown user config "python". This will stop working in the next major version of npm.
7 silly config load:file:/Users/xpy/.nvm/versions/node/v24.12.0/etc/npmrc
8 verbose title npm run docs:build
9 verbose argv "run" "docs:build"
10 verbose logfile logs-max:10 dir:/Users/xpy/Coding/biocloudhub/blogs/.npm-cache/_logs/2026-05-08T06_52_44_685Z-
11 verbose logfile /Users/xpy/Coding/biocloudhub/blogs/.npm-cache/_logs/2026-05-08T06_52_44_685Z-debug-0.log
12 silly logfile start cleaning logs, removing 1 files
13 silly logfile done cleaning log files
14 http fetch GET 200 https://registry.npmjs.org/npm 4064ms
15 verbose cwd /Users/xpy/Coding/biocloudhub/blogs
16 verbose os Darwin 25.4.0
17 verbose node v24.12.0
18 verbose npm  v11.6.2
19 notice
19 notice New [33mminor[39m version of npm available! [33m11.6.2[39m -> [34m11.14.0[39m
19 notice Changelog: [34mhttps://github.com/npm/cli/releases/tag/v11.14.0[39m
19 notice To update run: [4mnpm install -g npm@11.14.0[24m
19 notice  { force: true, Symbol(proc-log.meta): true }
20 verbose exit 0
21 info ok
