0 verbose cli /Users/xpy/.nvm/versions/node/v24.12.0/bin/node /Users/xpy/.nvm/versions/node/v24.12.0/bin/npm
1 info using npm@11.14.0
2 info using node@v24.12.0
3 silly config load:file:/Users/xpy/.nvm/versions/node/v24.12.0/lib/node_modules/npm/npmrc
4 silly config load:file:/Users/xpy/Coding/biocloudhub/blogs/.npmrc
5 silly config load:file:/Users/xpy/.npmrc
6 silly config load:file:/Users/xpy/.nvm/versions/node/v24.12.0/etc/npmrc
7 verbose title npm start
8 verbose argv "start"
9 verbose logfile logs-max:10 dir:/Users/xpy/Coding/biocloudhub/blogs/.npm-cache/_logs/2026-07-21T11_53_56_817Z-
10 verbose logfile /Users/xpy/Coding/biocloudhub/blogs/.npm-cache/_logs/2026-07-21T11_53_56_817Z-debug-0.log
11 silly logfile start cleaning logs, removing 1 files
12 silly logfile done cleaning log files
13 verbose stack Error: Missing script: "start"
13 verbose stack
13 verbose stack Did you mean one of these?
13 verbose stack   npm star # Mark your favorite packages
13 verbose stack   npm stars # View packages marked as favorites
13 verbose stack
13 verbose stack To see a list of scripts, run:
13 verbose stack   npm run
13 verbose stack     at #run (/Users/xpy/.nvm/versions/node/v24.12.0/lib/node_modules/npm/lib/commands/run.js:115:13)
13 verbose stack     at async RunScript.exec (/Users/xpy/.nvm/versions/node/v24.12.0/lib/node_modules/npm/lib/commands/run.js:44:7)
13 verbose stack     at async Npm.exec (/Users/xpy/.nvm/versions/node/v24.12.0/lib/node_modules/npm/lib/npm.js:193:9)
13 verbose stack     at async module.exports (/Users/xpy/.nvm/versions/node/v24.12.0/lib/node_modules/npm/lib/cli/entry.js:67:5)
14 error Missing script: "start"
14 error
14 error Did you mean one of these?
14 error   npm star # Mark your favorite packages
14 error   npm stars # View packages marked as favorites
14 error
14 error To see a list of scripts, run:
14 error   npm run
15 verbose cwd /Users/xpy/Coding/biocloudhub/blogs
16 verbose os Darwin 25.5.0
17 verbose node v24.12.0
18 verbose npm  v11.14.0
19 verbose exit 1
20 verbose code 1
21 error A complete log of this run can be found in: /Users/xpy/Coding/biocloudhub/blogs/.npm-cache/_logs/2026-07-21T11_53_56_817Z-debug-0.log
