0 verbose cli /Users/xpy/.nvm/versions/node/v24.12.0/bin/node /Users/xpy/.nvm/versions/node/v24.12.0/lib/node_modules/npm/bin/npm-cli.js
1 info using npm@11.14.0
2 info using node@v24.12.0
3 silly config load:file:/Users/xpy/.nvm/versions/node/v24.12.0/lib/node_modules/npm/npmrc
4 silly config load:file:/Users/xpy/Coding/biocloudhub/blogs/.npmrc
5 silly config load:file:/Users/xpy/.npmrc
6 silly config load:file:/Users/xpy/.nvm/versions/node/v24.12.0/etc/npmrc
7 verbose title npm exec skills add vercel-labs/skills --skill frontend-design
8 verbose argv "exec" "--" "skills" "add" "vercel-labs/skills" "--skill" "frontend-design"
9 verbose logfile logs-max:10 dir:/Users/xpy/Coding/biocloudhub/blogs/.npm-cache/_logs/2026-05-15T01_12_05_999Z-
10 verbose logfile /Users/xpy/Coding/biocloudhub/blogs/.npm-cache/_logs/2026-05-15T01_12_05_999Z-debug-0.log
11 silly logfile start cleaning logs, removing 1 files
12 silly logfile done cleaning log files
13 silly packumentCache heap:2348810240 maxSize:587202560 maxEntrySize:293601280
14 verbose shrinkwrap failed to load node_modules/.package-lock.json out of date, updated: node_modules
15 http fetch GET 200 https://registry.npmjs.org/skills 1061ms (cache miss)
16 silly packumentCache heap:2348810240 maxSize:587202560 maxEntrySize:293601280
17 silly packumentCache heap:2348810240 maxSize:587202560 maxEntrySize:293601280
18 silly idealTree buildDeps
19 silly fetch manifest skills@1.5.7
20 silly packumentCache full:https://registry.npmjs.org/skills cache-miss
21 http fetch GET 200 https://registry.npmjs.org/skills 620ms (cache miss)
22 silly packumentCache full:https://registry.npmjs.org/skills set size:undefined disposed:false
23 silly placeDep ROOT skills@1.5.7 OK for:  want: 1.5.7
24 silly fetch manifest yaml@^2.8.3
25 silly packumentCache full:https://registry.npmjs.org/yaml cache-miss
26 http fetch GET 200 https://registry.npmjs.org/yaml 995ms (cache miss)
27 silly packumentCache full:https://registry.npmjs.org/yaml set size:undefined disposed:false
28 silly placeDep ROOT yaml@2.9.0 OK for: skills@1.5.7 want: ^2.8.3
29 silly reify moves {}
30 silly audit bulk request { skills: [ '1.5.7' ], yaml: [ '2.9.0' ] }
31 http cache yaml@https://registry.npmjs.org/yaml/-/yaml-2.9.0.tgz 0ms (cache hit)
32 http cache skills@https://registry.npmjs.org/skills/-/skills-1.5.7.tgz 0ms (cache hit)
33 silly tarball no local data for yaml@https://registry.npmjs.org/yaml/-/yaml-2.9.0.tgz. Extracting by manifest.
34 silly tarball no local data for skills@https://registry.npmjs.org/skills/-/skills-1.5.7.tgz. Extracting by manifest.
35 http fetch POST 200 https://registry.npmjs.org/-/npm/v1/security/advisories/bulk 214ms
36 silly audit report {}
37 http fetch GET 200 https://registry.npmjs.org/skills/-/skills-1.5.7.tgz 2068ms (cache miss)
38 http fetch GET 200 https://registry.npmjs.org/yaml/-/yaml-2.9.0.tgz 2081ms (cache miss)
39 verbose cwd /Users/xpy/Coding/biocloudhub/blogs
40 verbose os Darwin 25.4.0
41 verbose node v24.12.0
42 verbose npm  v11.14.0
43 verbose exit 1
44 verbose code 1
